---
source: crates/arawn-tui/src/snapshot_tests.rs
expression: snap
---
  │❯ search for 日 本 語  docs
  │  ⏵ 🔥 shell · grep -r 日 本 語  docs/ · 0.0s
  │  ▸ 🔥 shell result
  │    docs/日 本 語 /intro.md
  │    docs/日 本 語 /usage.md
  │
  │  ───────────────────────────────────────────────────────────────────────────────────────────────
  │
  │
  │
 ▸│
  │
  │
  │
  │
  │
  │
  │
  │
  │
  │
────────────────────────────────────────────────────────────────────────────────────────────────────
> Type your message...
 no model │ no workstream Ready
