---
source: crates/arawn-tui/src/snapshot_tests.rs
expression: snap
---
  │❯ do something
 ·│system:
  │  Error: API rate limited
 ·│
  │
 ·│
  │
 ·│
  │
 ·│
  │
 ·│
  │
 ▸│
  │
 ·│
  │
 ·│
  │
 ·│
  │
 ·│
  │
 ·│
  │
 ·│
  │
────────────────────────────────────────────────────────────────────────────────────────────────────
> Type your message...
 no model │ no workstream Ready
