---
source: crates/arawn-tui/src/snapshot_tests.rs
expression: snap
---
┌ Workstreams ─────┐
│▸ scratch         │
│  home            │
│                  │
│                  │
│                  │
│                  │
│                  │
│                  │
│                  │
└──────────────────┘
┌ Sessions ────────┐
│  00000000 01/15 1│
│                  │
│                  │
│                  │
│                  │
│                  │
│                  │
│                  │
│                  │
│                  │
│                  │
│                  │
│                  │
│                  │
└──────────────────┘
────────────────────────────────────────────────────────────────────────────────────────────────────
> Type your message...
 no model │ scratch │ 00000000
