---
source: crates/arawn-tui/src/snapshot_tests.rs
expression: snap
---
«bg:Rgb(17, 17, 27)»  «fg:Rgb(69, 71, 90)»│«fg:Rgb(166, 227, 161),bold»❯ Explain this code
«bg:Rgb(17, 17, 27)»  «fg:Rgb(69, 71, 90)»│
«bg:Rgb(17, 17, 27)»  «fg:Rgb(69, 71, 90)»││ «fg:Rgb(205, 214, 244),bold»Overview
«bg:Rgb(17, 17, 27)»  «fg:Rgb(69, 71, 90)»││ This function does «bold»two things:
«bg:Rgb(17, 17, 27)»  «fg:Rgb(69, 71, 90)»││
«bg:Rgb(17, 17, 27)»  «fg:Rgb(69, 71, 90)»││ «fg:Rgb(127, 132, 156)»1. Parses the «italic»input into tokens
«bg:Rgb(17, 17, 27)»  «fg:Rgb(69, 71, 90)»││ «fg:Rgb(127, 132, 156)»2. Validates each token against the schema
«bg:Rgb(17, 17, 27)»  «fg:Rgb(69, 71, 90)»││ «fg:Rgb(108, 112, 134),italic»python
«bg:Rgb(17, 17, 27)»  «fg:Rgb(69, 71, 90)»││ «bg:Rgb(24, 24, 37)» «fg:Rgb(204, 153, 204),bg:Rgb(24, 24, 37)»def«fg:Rgb(211, 208, 200),bg:Rgb(24, 24, 37)» «fg:Rgb(102, 153, 204),bg:Rgb(24, 24, 37)»process«fg:Rgb(211, 208, 200),bg:Rgb(24, 24, 37)»(«fg:Rgb(242, 119, 122),bg:Rgb(24, 24, 37)»data«fg:Rgb(211, 208, 200),bg:Rgb(24, 24, 37)»):
«bg:Rgb(17, 17, 27)»  «fg:Rgb(69, 71, 90)»││ «bg:Rgb(24, 24, 37)» «fg:Rgb(211, 208, 200),bg:Rgb(24, 24, 37)»    tokens = «fg:Rgb(102, 153, 204),bg:Rgb(24, 24, 37)»parse«fg:Rgb(211, 208, 200),bg:Rgb(24, 24, 37)»(data)
«bg:Rgb(17, 17, 27)»  «fg:Rgb(69, 71, 90)»││ «bg:Rgb(24, 24, 37)» «fg:Rgb(211, 208, 200),bg:Rgb(24, 24, 37)»    «fg:Rgb(204, 153, 204),bg:Rgb(24, 24, 37)»return«fg:Rgb(211, 208, 200),bg:Rgb(24, 24, 37)» «fg:Rgb(102, 153, 204),bg:Rgb(24, 24, 37)»validate«fg:Rgb(211, 208, 200),bg:Rgb(24, 24, 37)»(tokens)
«bg:Rgb(17, 17, 27)»  «fg:Rgb(69, 71, 90)»││
«bg:Rgb(17, 17, 27)»  «fg:Rgb(69, 71, 90)»││ «fg:Rgb(166, 173, 200)»Note: This is O(n) complexity.
«bg:Rgb(17, 17, 27)»  «fg:Rgb(69, 71, 90)»││
«bg:Rgb(17, 17, 27)»  «fg:Rgb(69, 71, 90)»││ The «fg:Rgb(250, 179, 135),bg:Rgb(49, 50, 68)»parse function handles edge cases like empty strings and unicode.
«bg:Rgb(17, 17, 27)»  «fg:Rgb(69, 71, 90)»│
«fg:Rgb(203, 166, 247),bg:Rgb(17, 17, 27)» ▸«fg:Rgb(69, 71, 90)»│«fg:Rgb(49, 50, 68)»  ───────────────────────────────────────────────────────────────────────────
«bg:Rgb(17, 17, 27)»  «fg:Rgb(69, 71, 90)»│
«bg:Rgb(17, 17, 27)»  «fg:Rgb(69, 71, 90)»│
«bg:Rgb(17, 17, 27)»  «fg:Rgb(69, 71, 90)»│
«bg:Rgb(17, 17, 27)»  «fg:Rgb(69, 71, 90)»│
«bg:Rgb(17, 17, 27)»  «fg:Rgb(69, 71, 90)»│
«bg:Rgb(17, 17, 27)»  «fg:Rgb(69, 71, 90)»│
«bg:Rgb(17, 17, 27)»  «fg:Rgb(69, 71, 90)»│
«bg:Rgb(17, 17, 27)»  «fg:Rgb(69, 71, 90)»│
«bg:Rgb(17, 17, 27)»  «fg:Rgb(69, 71, 90)»│
«bg:Rgb(17, 17, 27)»  «fg:Rgb(69, 71, 90)»│
«bg:Rgb(17, 17, 27)»  «fg:Rgb(69, 71, 90)»│
«bg:Rgb(17, 17, 27)»  «fg:Rgb(69, 71, 90)»│
«bg:Rgb(17, 17, 27)»  «fg:Rgb(69, 71, 90)»│
«bg:Rgb(17, 17, 27)»  «fg:Rgb(69, 71, 90)»│
«bg:Rgb(17, 17, 27)»  «fg:Rgb(69, 71, 90)»│
«fg:Rgb(49, 50, 68)»────────────────────────────────────────────────────────────────────────────────
«fg:Rgb(166, 227, 161),bold»> «fg:Rgb(108, 112, 134)»Type your message...
«fg:Rgb(205, 214, 244),bg:Rgb(24, 24, 37)» no model«fg:Rgb(108, 112, 134),bg:Rgb(24, 24, 37)» │ «fg:Rgb(205, 214, 244),bg:Rgb(24, 24, 37)»no workstream«fg:Rgb(166, 227, 161),bg:Rgb(24, 24, 37)» Ready«bg:Rgb(24, 24, 37)»
