---
source: crates/arawn-tui/src/snapshot_tests.rs
expression: snap
---
┌ Lenses ──────────┐                                                    ┌ Today ───────────────────┐
│▸ scratch         │                                                    │Brief                     │
│  home            │                                                    │(no brief yet — try /brief│
│                  │                                                    │                          │
│                  │                                                    │                          │
│                  │                                                    │                          │
│                  │                                                    │                          │
│                  │                                                    │                          │
│                  │                                                    │                          │
│                  │                                                    │                          │
│                  │                                                    │                          │
│                  │                                                    │                          │
│                  │                                                    │                          │
│                  │                                                    │Action items              │
│                  │                                                    │(no action items)         │
│                  │                                                    │                          │
│                  │                                                    │                          │
│                  │                                                    │                          │
│                  │                                                    │                          │
│                  │                                                    │                          │
│                  │                                                    │                          │
│                  │                                                    │                          │
│                  │                                                    │                          │
│                  │                                                    │                          │
│                  │                                                    │                          │
│                  │                                                    │                          │
└──────────────────┘                                                    └──────────────────────────┘
────────────────────────────────────────────────────────────────────────────────────────────────────
> Type your message...
 no model │ 00000000 Ready
