---
source: crates/arawn-tui/src/snapshot_tests.rs
expression: snap
---
  │⠋ thinking...
 ·│
  │
 ·│
  │
 ·│
  │
 ·│
  │
 ·│
  │
 ·│
  │
 ▸│
  │
 ·│
  │
 ·│
  │
 ·│
  │
 ·│
  │
 ·│
  │
 ·│
  │
────────────────────────────────────────────────────────────────────────────────────────────────────
> Generating...
 no model │ no workstream ⠋ Thinking...
