---
source: crates/arawn-tui/src/snapshot_tests.rs
expression: snap
---
┌ Workstreams ─────┐
│▸ scratch         │
│                  │
│                  │
│                  │
│                  │
│                  │
│                  │
│                  │
│                  │
└──────────────────┘
┌ Sessions ────────┐
│                  │
│                  │
│                  │
│                  │
│                  │
│                  │
│                  │
│                  │
│                  │
│                  │
│                  │
│                  │
│                  │
│                  │
└──────────────────┘
────────────────────────────────────────────────────────────────────────────────────────────────────
> Type your message...
 no model │ no workstream Ready
