---
source: crates/arawn-tui/src/snapshot_tests.rs
expression: snap
---
  │
 ·│
  │
 ·│
  │
 ·│
  │
 ·│
  │
 ·│
  │
 ·│
  │
 ▸│
  │
 ·│
  │
 ·│
  │
 ·│
  │
 ·│
  │
 ·│
  │
 ·│
  │
────────────────────────────────────────────────────────────────────────────────────────────────────
> hello world
 no model │ no workstream
