---
source: crates/arawn-tui/src/snapshot_tests.rs
expression: snap
---
  │❯ List the crates
 ·│
  │  Here are the crates in this█
 ·│
  │
 ·│
  │
 ·│
  │
 ·│
  │
 ·│
  │
 ▸│
  │
 ·│
  │
 ·│
  │
 ·│
  │
 ·│
  │
 ·│
  │
 ·│
  │
────────────────────────────────────────────────────────────────────────────────────────────────────
> Generating...
 no model │ no workstream ⠋ Thinking...
