---
source: crates/arawn-tui/src/snapshot_tests.rs
expression: snap
---
«bg:Rgb(17, 17, 27)»  «fg:Rgb(69, 71, 90)»│«fg:Rgb(166, 227, 161),bold»❯ question
«bg:Rgb(17, 17, 27)»  «fg:Rgb(69, 71, 90)»│
«bg:Rgb(17, 17, 27)»  «fg:Rgb(69, 71, 90)»││ partial«fg:Rgb(203, 166, 247)»▌
«bg:Rgb(17, 17, 27)»  «fg:Rgb(69, 71, 90)»│
«bg:Rgb(17, 17, 27)»  «fg:Rgb(69, 71, 90)»│
«bg:Rgb(17, 17, 27)»  «fg:Rgb(69, 71, 90)»│
«bg:Rgb(17, 17, 27)»  «fg:Rgb(69, 71, 90)»│
«bg:Rgb(17, 17, 27)»  «fg:Rgb(69, 71, 90)»│
«fg:Rgb(203, 166, 247),bg:Rgb(17, 17, 27)» ▸«fg:Rgb(69, 71, 90)»│
«bg:Rgb(17, 17, 27)»  «fg:Rgb(69, 71, 90)»│
«bg:Rgb(17, 17, 27)»  «fg:Rgb(69, 71, 90)»│
«bg:Rgb(17, 17, 27)»  «fg:Rgb(69, 71, 90)»│
«bg:Rgb(17, 17, 27)»  «fg:Rgb(69, 71, 90)»│
«bg:Rgb(17, 17, 27)»  «fg:Rgb(69, 71, 90)»│
«bg:Rgb(17, 17, 27)»  «fg:Rgb(69, 71, 90)»│
«bg:Rgb(17, 17, 27)»  «fg:Rgb(69, 71, 90)»│
«bg:Rgb(17, 17, 27)»  «fg:Rgb(69, 71, 90)»│
«fg:Rgb(49, 50, 68)»────────────────────────────────────────────────────────────────────────────────
«fg:Rgb(108, 112, 134)»> Generating...
«fg:Rgb(205, 214, 244),bg:Rgb(24, 24, 37)» no model«fg:Rgb(108, 112, 134),bg:Rgb(24, 24, 37)» │ «fg:Rgb(205, 214, 244),bg:Rgb(24, 24, 37)»no workstream«fg:Rgb(249, 226, 175),bg:Rgb(24, 24, 37)» ⠋ Thinking...«bg:Rgb(24, 24, 37)»
