---
source: crates/arawn-tui/src/snapshot_tests.rs
expression: snap
---
  │  Brief — 2026-05-19                                                 ┌ Today ───────────────────┐
  │  Today                                                              │Brief                     │
  │  Today's calendar                                                   │(no brief yet — try /brief│
  │  • 09:00 standup                                                    │                          │
  │  Carried-over todos                                                 │                          │
  │  (no todos rolled over from yesterday)                              │                          │
  │                                                                     │                          │
  │  This week                                                          │                          │
  │  Priorities                                                         │                          │
  │  • [x] Ship I-0035 Phase 2                                          │                          │
 ▸│                                                                     │                          │
  │                                                                     │                          │
  │                                                                     │                          │
  │                                                                     │Action items              │
  │                                                                     │(no action items)         │
  │                                                                     │                          │
  │                                                                     │                          │
  │                                                                     │                          │
  │                                                                     │                          │
  │                                                                     │                          │
  │                                                                     └──────────────────────────┘
────────────────────────────────────────────────────────────────────────────────────────────────────
> Type your message...
 no model Ready
