---
source: crates/arawn-tui/src/snapshot_tests.rs
expression: snap
---
┌ Workstreams ─────┐
│▸ scratch         │
│                  │
│                  │
│                  │
│                  │
│                  │
│                  │
│                  │
│                  │
└──────────────────┘                                 ╭─────────────╮
┌ Sessions ────────┐                                 │    arawn    │
│                  │                                 ╰─────────────╯
│                  │
│                  │                   Type / for commands · Tab to toggle sidebar
│                  │                          /connect <service> · ↑ recall
│                  │
│                  │
│                  │
│                  │
│                  │
│                  │
│                  │
│                  │
│                  │
│                  │
└──────────────────┘
────────────────────────────────────────────────────────────────────────────────────────────────────
> Type your message...
 no model │ no workstream Ready
