---
source: crates/arawn-tui/src/snapshot_tests.rs
expression: snap
---
  │
 ·│  Some response text.
  │
 ·│
  │
 ·│
  │
 ·│
  │
 ·│
  │
 ·│
  │
 ▸│
  │
 ·│
  │
 ·│
  │
 ·│
  │
 ·│
  │
 ·│
  │
 ·│
  │
────────────────────────────────────────────────────────────────────────────────────────────────────
> Type your message...
 no model │ no workstream Ready
