---
source: crates/arawn-tui/src/snapshot_tests.rs
expression: snap
---
┌ Workstreams ─────┐
│▸ scratch         │
│  home            │
│                  │
│                  │
│                  │
│                  │
│                  │
│                  │
│                  │
└──────────────────┘                                 ╭─────────────╮
┌ Sessions ────────┐                                 │    arawn    │
│  00000000 01/15 1│                                 ╰─────────────╯
│                  │
│                  │                   Type / for commands · Tab to toggle sidebar
│                  │                          /connect <service> · ↑ recall
│                  │
│                  │
│                  │
│                  │
│                  │
│                  │
│                  │
│                  │
│                  │
│                  │
└──────────────────┘
────────────────────────────────────────────────────────────────────────────────────────────────────
> Type your message...
 no model │ scratch │ 00000000 Ready
