---
source: crates/arawn-tui/src/snapshot_tests.rs
expression: snap
---
  │❯ do something                                                       ┌ Today ───────────────────┐
  ││ system:                                                            │Brief                     │
  ││ Error: API rate limited                                            │(no brief yet — run /day t│
  │                                                                     │                          │
  │                                                                     │                          │
  │                                                                     │                          │
  │                                                                     │                          │
  │                                                                     │                          │
  │                                                                     │                          │
  │                                                                     │                          │
  │                                                                     │                          │
  │                                                                     │                          │
  │                                                                     │                          │
 ▸│                                                                     │Action items              │
  │                                                                     │(no action items)         │
  │                                                                     │                          │
  │                                                                     │                          │
  │                                                                     │                          │
  │                                                                     │                          │
  │                                                                     │                          │
  │                                                                     │                          │
  │                                                                     │                          │
  │                                                                     │                          │
  │                                                                     │                          │
  │                                                                     │                          │
  │                                                                     │                          │
  │                                                                     └──────────────────────────┘
────────────────────────────────────────────────────────────────────────────────────────────────────
> Type your message...
 no model │ no lens Ready
