---
source: crates/arawn-tui/src/snapshot_tests.rs
expression: snap
---
  │                                                                     ┌ Today ───────────────────┐
  │                                                                     │Brief                     │
  │                                                                     │(no brief yet — try /brief│
  │                                                                     │                          │
  │                                                                     │                          │
  │                                                                     │                          │
  │                                                                     │                          │
  │                           ╭─────────────╮                           │                          │
  │                           │    arawn    │                           │                          │
  │                           ╰─────────────╯                           │                          │
  │                                                                     │                          │
  │             Welcome — your personal agentic assistant.              │                          │
  │       I watch, check, summarize, and nudge across your tools.       │                          │
 ▸│                                                                     │Action items              │
  │                     No LLM provider configured.                     │(no action items)         │
  │                   Run `arawn doctor` to diagnose.                   │                          │
  │               Edit `~/.arawn/arawn.toml` to set one.                │                          │
  │                                                                     │                          │
  │             Type / for commands · Tab to toggle sidebar             │                          │
  │                    /connect <service> · ↑ recall                    │                          │
  │                                                                     │                          │
  │                                                                     │                          │
  │                                                                     │                          │
  │                                                                     │                          │
  │                                                                     │                          │
  │                                                                     │                          │
  │                                                                     └──────────────────────────┘
────────────────────────────────────────────────────────────────────────────────────────────────────
> Type your message...
 no model Ready
