---
source: crates/arawn-tui/src/snapshot_tests.rs
expression: snap
---
  │❯ what's up
  │
  ││ Here's a quick answer with some prose.
  │  ⏵ shell · ls -la · 0.0s
  │  ▸ shell result
  │    file.rs
  │    file2.rs
  ││ system:
  ││ Permission required: shell
  │
  │
  │
  │
 ▸│
  │
  │
  │
  │
  │
  │
  │
  │
  │
  │
  │
  │
  │
────────────────────────────────────────────────────────────────────────────────────────────────────
> Type your message...
 no model │ no workstream Ready
