---
source: crates/arawn-tui/src/snapshot_tests.rs
expression: snap
---
  │                                                                     ┌ Today ───────────────────┐
  │                                                                     │Brief                     │
  │                                                                     │(no brief yet — try /brief│
  │                                                                     │                          │
  │                                                                     │                          │
  │                                                                     │                          │
 ▸│                                                                     │                          │
  │                                                                     │                          │
  │                                                                     │                          │
  │                                                                     │                          │
  │                                                                     │                          │
  │                                                                     └──────────────────────────┘
────────────────────────────────────────────────────────────────────────────────────────────────────
> Type your message...
 Brief updated — daily tablet for 2026-05-19
 no model Ready
