---
source: crates/arawn-tui/src/snapshot_tests.rs
expression: snap
---
  │
  │
  │
  │
  │
  │
  │
  │
  │
  │
  │                                         ╭─────────────╮
  │                                         │    arawn    │
  │                                         ╰─────────────╯
 ▸│
  │                           Type / for commands · Tab to toggle sidebar
  │                                  /connect <service> · ↑ recall
  │
  │
  │
  │
  │
  │
  │
  │
  │
  │
  │
────────────────────────────────────────────────────────────────────────────────────────────────────
> hello world
 no model │ no workstream Ready
