---
source: crates/arawn-tui/src/snapshot_tests.rs
expression: snap
---
  │                                                                     ┌ Today ───────────────────┐
  ││ Some response text.                                                │Brief                     │
  │                                                                     │(no brief yet — try /brief│
  │  ───────────────────────────────────────────────────────────────────│                          │
  │                                                                     │                          │
  │                                                                     │                          │
  │                                                                     │                          │
  │                                                                     │                          │
  │                                                                     │                          │
  │                                                                     │                          │
  │                                                                     │                          │
  │                                                                     │                          │
  │                                                                     │                          │
 ▸│                                                                     │Action items              │
  │                                                                     │(no action items)         │
  │                                                                     │                          │
  │                                                                     │                          │
  │                                                                     │                          │
  │                                                                     │                          │
  │                                                                     │                          │
  │                                                                     │                          │
  │                                                                     │                          │
  │                                                                     │                          │
  │                                                                     │                          │
  │                                                                     │                          │
  │                                                                     │                          │
  │                                                                     └──────────────────────────┘
────────────────────────────────────────────────────────────────────────────────────────────────────
> Type your message...
 no model Ready
